[INFO] Scanning for projects...
[WARNING] 
[WARNING] Some problems were encountered while building the effective model for io.github.wujun728:jun-groovy-api-spring-boot-starter:jar:1.0.25
[WARNING] 'dependencies.dependency.(groupId:artifactId:type:classifier)' must be unique: junit:junit:jar -> version ${junit.version} vs (?) @ line 161, column 21
[WARNING] 
[WARNING] It is highly recommended to fix these problems because they threaten the stability of your build.
[WARNING] 
[WARNING] For this reason, future Maven versions might no longer support building such malformed projects.
[WARNING] 
[INFO] 
[INFO] -------< io.github.wujun728:jun-groovy-api-spring-boot-starter >--------
[INFO] Building jun-groovy-api-spring-boot-starter 1.0.25
[INFO]   from pom.xml
[INFO] --------------------------------[ jar ]---------------------------------
[INFO] 
[INFO] --- resources:3.3.1:resources (default-resources) @ jun-groovy-api-spring-boot-starter ---
[INFO] Copying 111 resources from src\main\resources to target\classes
[INFO] 
[INFO] --- compiler:3.0:compile (default-compile) @ jun-groovy-api-spring-boot-starter ---
[INFO] Changes detected - recompiling the module!
[INFO] Compiling 47 source files to D:\workspace\github-new\jun_java_plugin\jun_springboot_starter\jun-groovy-api-spring-boot-starter\target\classes
[WARNING] Unable to autodetect 'javac' path, using 'javac' from the environment.
[INFO] -------------------------------------------------------------
[ERROR] COMPILATION ERROR : 
[INFO] -------------------------------------------------------------
[ERROR] D:\workspace\github-new\jun_java_plugin\jun_springboot_starter\jun-groovy-api-spring-boot-starter\src\main\java\io\github\wujun728\generator\util\TableParseUtil.java:[37,39] ´íÎó: ÕÒ²»µ½·ûºÅ
[INFO] 1 error
[INFO] -------------------------------------------------------------
[INFO] ------------------------------------------------------------------------
[INFO] BUILD FAILURE
[INFO] ------------------------------------------------------------------------
[INFO] Total time:  6.847 s
[INFO] Finished at: 2026-03-02T09:34:31+08:00
[INFO] ------------------------------------------------------------------------
[ERROR] Failed to execute goal org.apache.maven.plugins:maven-compiler-plugin:3.0:compile (default-compile) on project jun-groovy-api-spring-boot-starter: Compilation failure
[ERROR] D:\workspace\github-new\jun_java_plugin\jun_springboot_starter\jun-groovy-api-spring-boot-starter\src\main\java\io\github\wujun728\generator\util\TableParseUtil.java:[37,39] ´íÎó: ÕÒ²»µ½·ûºÅ
[ERROR] 
[ERROR] -> [Help 1]
[ERROR] 
[ERROR] To see the full stack trace of the errors, re-run Maven with the -e switch.
[ERROR] Re-run Maven using the -X switch to enable full debug logging.
[ERROR] 
[ERROR] For more information about the errors and possible solutions, please read the following articles:
[ERROR] [Help 1] http://cwiki.apache.org/confluence/display/MAVEN/MojoFailureException
